[32;20m[2026-09-22 09:01:28,759] LMCache INFO:[0m torch_dev=<module 'torch.cuda' from '/usr/local/lib/python3.12/dist-packages/torch/cuda/__init__.py'>, torch_device_type=cuda [3m(_device_detect.py:312:lmcache.v1.platform._device_detect)[0m
[32;20m[2026-09-22 09:01:28,760] LMCache INFO:[0m Auto-selected backend [cuda] for accelerator 'cuda' from candidate backends [cuda, rocm]. [3m(__init__.py:148:lmcache.v1.platform)[0m

 _     __  __    ____           _          
| |   |  \/  |  / ___|__ _  ___| |__   ___      LMCache v0.5.4 (g3e11b8ed)
| |   | |\/| | | |   / _` |/ __| '_ \ / _ \     Website:  https://lmcache.ai/
| |___| |  | | | |__| (_| | (__| | | |  __/     Recipes:  https://docs.lmcache.ai/recipes
|_____|_|  |_|  \____\__,_|\___|_| |_|\___|     LinkedIn: https://www.linkedin.com/company/lmcache-lab
Set LMCACHE_DISABLE_BANNER=1 to hide this banner.

[32;20m[2026-09-22 09:01:29,894] LMCache INFO:[0m multi_layer_block_kv_transfer mode: ptr [3m(base.py:95:lmcache.v1.multiprocess.transfer_context.base)[0m
[32;20m[2026-09-22 09:01:34,812] LMCache INFO:[0m Discovered API module: cache_api [3m(router_discovery.py:53:lmcache.v1.utils.router_discovery)[0m
[32;20m[2026-09-22 09:01:34,814] LMCache INFO:[0m Discovered API module: env_api [3m(router_discovery.py:53:lmcache.v1.utils.router_discovery)[0m
[32;20m[2026-09-22 09:01:34,816] LMCache INFO:[0m Discovered API module: loglevel_api [3m(router_discovery.py:53:lmcache.v1.utils.router_discovery)[0m
[32;20m[2026-09-22 09:01:34,816] LMCache INFO:[0m Discovered API module: metrics_api [3m(router_discovery.py:53:lmcache.v1.utils.router_discovery)[0m
[32;20m[2026-09-22 09:01:34,819] LMCache INFO:[0m Discovered API module: periodic_thread_api [3m(router_discovery.py:53:lmcache.v1.utils.router_discovery)[0m
[32;20m[2026-09-22 09:01:34,820] LMCache INFO:[0m Discovered API module: run_script_api [3m(router_discovery.py:53:lmcache.v1.utils.router_discovery)[0m
[32;20m[2026-09-22 09:01:34,821] LMCache INFO:[0m Discovered API module: thread_api [3m(router_discovery.py:53:lmcache.v1.utils.router_discovery)[0m
[32;20m[2026-09-22 09:01:34,825] LMCache INFO:[0m Discovered API module: common_api [3m(router_discovery.py:53:lmcache.v1.utils.router_discovery)[0m
[32;20m[2026-09-22 09:01:34,827] LMCache INFO:[0m Discovered API module: config_api [3m(router_discovery.py:53:lmcache.v1.utils.router_discovery)[0m
[32;20m[2026-09-22 09:01:34,831] LMCache INFO:[0m Discovered API module: info_api [3m(router_discovery.py:53:lmcache.v1.utils.router_discovery)[0m
[32;20m[2026-09-22 09:01:34,834] LMCache INFO:[0m Discovered API module: quota_api [3m(router_discovery.py:53:lmcache.v1.utils.router_discovery)[0m
[32;20m[2026-09-22 09:01:34,839] LMCache INFO:[0m Discovered API module: reconfigure_api [3m(router_discovery.py:53:lmcache.v1.utils.router_discovery)[0m
[32;20m[2026-09-22 09:01:34,875] LMCache INFO:[0m CudaPinMemoryBackend: using torch cudart [3m(pin_memory.py:89:lmcache.v1.platform.cuda.pin_memory)[0m
[32;20m[2026-09-22 09:01:34,877] LMCache INFO:[0m Starting LMCache HTTP server on http://0.0.0.0:18002 [3m(http_server.py:258:lmcache.v1.multiprocess.http_server)[0m
INFO:     Started server process [1584]
INFO:     Waiting for application startup.
[32;20m[2026-09-22 09:01:34,901] LMCache INFO:[0m Starting LMCache HTTP server... (accelerator available: True) [3m(http_server.py:77:lmcache.v1.multiprocess.http_server)[0m
[32;20m[2026-09-22 09:01:34,926] LMCache INFO:[0m OTel MeterProvider initialised with Prometheus fallback (standalone metrics HTTP server disabled; /metrics must be exposed by the caller), resource={'telemetry.sdk.language': 'python', 'telemetry.sdk.name': 'opentelemetry', 'telemetry.sdk.version': '1.40.0', 'service.instance.id': 'gate-warm-a155f9ba', 'service.name': 'unknown_service'} [3m(otel_init.py:114:lmcache.v1.mp_observability.otel_init)[0m
[32;20m[2026-09-22 09:01:35,320] LMCache INFO:[0m Starting L1EvictionController... [3m(eviction_controller.py:53:lmcache.v1.distributed.storage_controllers.eviction_controller)[0m
[32;20m[2026-09-22 09:01:35,321] LMCache INFO:[0m Starting L2EvictionController... [3m(eviction_controller.py:250:lmcache.v1.distributed.storage_controllers.eviction_controller)[0m
[32;20m[2026-09-22 09:01:35,321] LMCache INFO:[0m Starting StoreController... [3m(store_controller.py:305:lmcache.v1.distributed.storage_controllers.store_controller)[0m
[32;20m[2026-09-22 09:01:35,322] LMCache INFO:[0m Starting PrefetchController... [3m(prefetch_controller.py:596:lmcache.v1.distributed.storage_controllers.prefetch_controller)[0m
[32;20m[2026-09-22 09:01:35,322] LMCache INFO:[0m Using blake3 hash function [3m(token_hasher.py:79:lmcache.v1.multiprocess.token_hasher)[0m
[32;20m[2026-09-22 09:01:35,323] LMCache INFO:[0m Computed NONE_HASH=b"~>\xff\x9e\xf7a:P4\x0e\xb1&w\xee\x03\xb8:\xc7Y\xfc\xba\x9b\xb3'\x05\xf0rH\xd5mG;" using hash function [3m(token_hasher.py:180:lmcache.v1.multiprocess.token_hasher)[0m
[32;20m[2026-09-22 09:01:35,323] LMCache INFO:[0m TokenHasher initialized: chunk_size=16, hash_algorithm=blake3 [3m(token_hasher.py:67:lmcache.v1.multiprocess.token_hasher)[0m
[32;20m[2026-09-22 09:01:35,324] LMCache INFO:[0m PeriodicThread SessionManager-cleanup-thread-7da698a5b230 entering main loop (interval=60.0s) [3m(periodic_thread.py:304:lmcache.v1.periodic_thread)[0m
[32;20m[2026-09-22 09:01:35,324] LMCache INFO:[0m Started PeriodicThread: SessionManager-cleanup-thread-7da698a5b230 (level=medium, interval=60.0s, init_wait=0.0s) [3m(periodic_thread.py:248:lmcache.v1.periodic_thread)[0m
[32;20m[2026-09-22 09:01:35,324] LMCache INFO:[0m PeriodicThread DeviceHostFuncDispatcher entering main loop (interval=0.0s) [3m(periodic_thread.py:304:lmcache.v1.periodic_thread)[0m
[32;20m[2026-09-22 09:01:35,324] LMCache INFO:[0m Started PeriodicThread: DeviceHostFuncDispatcher (level=high, interval=0.0s, init_wait=0.0s) [3m(periodic_thread.py:248:lmcache.v1.periodic_thread)[0m
[32;20m[2026-09-22 09:01:35,325] LMCache INFO:[0m Supported transfer mode: auto [3m(server.py:219:lmcache.v1.multiprocess.server)[0m
[32;20m[2026-09-22 09:01:35,325] LMCache INFO:[0m PeriodicThread lmcache-mp-worker-reaper entering main loop (interval=30.0s) [3m(periodic_thread.py:304:lmcache.v1.periodic_thread)[0m
[32;20m[2026-09-22 09:01:35,325] LMCache INFO:[0m Started PeriodicThread: lmcache-mp-worker-reaper (level=medium, interval=30.0s, init_wait=0.0s) [3m(periodic_thread.py:248:lmcache.v1.periodic_thread)[0m
[32;20m[2026-09-22 09:01:35,327] LMCache INFO:[0m Created AffinityThreadPool 'affinity-pool-0' with 1 worker slots: up to 1 distinct affinity keys each bind to their own thread before slots are shared. Compare this against the number of clients expected to connect to confirm routing. [3m(affinity_pool.py:60:lmcache.v1.multiprocess.affinity_pool)[0m
[32;20m[2026-09-22 09:01:35,328] LMCache INFO:[0m LMCache ZMQ cache server is running on tcp://127.0.0.1:18001 [3m(server.py:452:lmcache.v1.multiprocess.server)[0m
[32;20m[2026-09-22 09:01:35,328] LMCache INFO:[0m LMCache cache server is running... [3m(server.py:467:lmcache.v1.multiprocess.server)[0m
[32;20m[2026-09-22 09:01:35,328] LMCache INFO:[0m LMCache HTTP server initialized [3m(http_server.py:163:lmcache.v1.multiprocess.http_server)[0m
INFO:     Application startup complete.
INFO:     Uvicorn running on http://0.0.0.0:18002 (Press CTRL+C to quit)
INFO:     127.0.0.1:56940 - "GET /healthcheck HTTP/1.1" 200 OK
[32;20m[2026-09-22 09:01:45,323] LMCache INFO:[0m L1 memory usage: 0.00/0.50 GiB (0.0%) [3m(eviction_controller.py:153:lmcache.v1.distributed.storage_controllers.eviction_controller)[0m
[32;20m[2026-09-22 09:01:55,325] LMCache INFO:[0m L1 memory usage: 0.00/0.50 GiB (0.0%) [3m(eviction_controller.py:153:lmcache.v1.distributed.storage_controllers.eviction_controller)[0m
[32;20m[2026-09-22 09:02:05,327] LMCache INFO:[0m L1 memory usage: 0.00/0.50 GiB (0.0%) [3m(eviction_controller.py:153:lmcache.v1.distributed.storage_controllers.eviction_controller)[0m
[32;20m[2026-09-22 09:02:15,329] LMCache INFO:[0m L1 memory usage: 0.00/0.50 GiB (0.0%) [3m(eviction_controller.py:153:lmcache.v1.distributed.storage_controllers.eviction_controller)[0m
[32;20m[2026-09-22 09:02:25,331] LMCache INFO:[0m L1 memory usage: 0.00/0.50 GiB (0.0%) [3m(eviction_controller.py:153:lmcache.v1.distributed.storage_controllers.eviction_controller)[0m
[32;20m[2026-09-22 09:02:34,563] LMCache INFO:[0m Engine KV Format: EngineKVFormat.NL_X_NB_BS_NH_CS NL x [NB, BS, NH, CS] [3m(detection.py:69:lmcache.v1.gpu_connector.kv_format.detection)[0m
[32;20m[2026-09-22 09:02:34,563] LMCache INFO:[0m Engine KV Format: EngineKVFormat.NL_X_NB_BS_NH_CS NL x [NB, BS, NH, CS] [3m(detection.py:69:lmcache.v1.gpu_connector.kv_format.detection)[0m
[32;20m[2026-09-22 09:02:34,564] LMCache INFO:[0m Group 0 first-layer tensor: layer_idx=0 shape=(20117, 16, 2, 256) stride=(8192, 512, 256, 1) is_contiguous=True dtype=torch.float16 device=cuda:0 storage_offset=0 numel=164798464 storage_nbytes=329596928 padding_per_block=0 [3m(utils.py:596:lmcache.v1.gpu_connector.utils)[0m
[32;20m[2026-09-22 09:02:34,564] LMCache INFO:[0m KV layer groups: ---
KernelGroupInfo(layers=28, indices=0-27, shape_desc=(kv=1, nl=28, nb=20117, bs=16, nh=2, hs=256, element_size=2, block_stride_elems=0), dtype=torch.float16, tokens_per_block=16, slots_per_block=16, engine_group_idx=0, sw_size_tokens=-1)
--- [3m(kv_layer_groups.py:437:lmcache.v1.kv_layer_groups)[0m
/usr/local/lib/python3.12/dist-packages/cupy/_environment.py:677: UserWarning: 
--------------------------------------------------------------------------------

  CuPy may not function correctly because multiple CuPy packages are installed
  in your environment:

    cupy-cuda12x, cupy-cuda13x

  Follow these steps to resolve this issue:

    1. For all packages listed above, run the following command to remove all
       existing CuPy installations:

         $ pip uninstall <package_name>

      If you previously installed CuPy via conda, also run the following:

         $ conda uninstall cupy

    2. Install the appropriate CuPy package.
       Refer to the Installation Guide for detailed instructions.

         https://docs.cupy.dev/en/stable/install.html

--------------------------------------------------------------------------------

  warnings.warn(f'''
[32;20m[2026-09-22 09:02:34,662] LMCache INFO:[0m Registered KV cache for GPU ID 1420378738443299982 with 28 layers [3m(lmcache_driven_transfer.py:964:lmcache.v1.multiprocess.modules.lmcache_driven_transfer)[0m
[32;20m[2026-09-22 09:02:34,662] LMCache INFO:[0m Initialized cuda stream on device cuda:0 [3m(cache_context.py:430:lmcache.v1.platform.cuda.cache_context)[0m
[32;20m[2026-09-22 09:02:35,333] LMCache INFO:[0m L1 memory usage: 0.00/0.50 GiB (0.0%) [3m(eviction_controller.py:153:lmcache.v1.distributed.storage_controllers.eviction_controller)[0m
[32;20m[2026-09-22 09:02:41,411] LMCache INFO:[0m AffinityThreadPool: affinity_key=-7489921690173773951 assigned to worker slot 0 of 1 (thread affinity-pool-0-0); 1 distinct key(s) now bound [3m(affinity_pool.py:108:lmcache.v1.multiprocess.affinity_pool)[0m
[32;20m[2026-09-22 09:02:41,495] LMCache INFO:[0m Stored 304 tokens in 0.084 seconds [3m(lmcache_driven_transfer.py:1218:lmcache.v1.multiprocess.modules.lmcache_driven_transfer)[0m
[32;20m[2026-09-22 09:02:41,500] LMCache INFO:[0m Checking memory allocator consistency [3m(tensor_memory_allocator.py:298:lmcache.v1.memory_management)[0m
[32;20m[2026-09-22 09:02:41,500] LMCache INFO:[0m  - Total active allocations: 19 [3m(tensor_memory_allocator.py:299:lmcache.v1.memory_management)[0m
[32;20m[2026-09-22 09:02:41,500] LMCache INFO:[0m  - Total allocated size: 8.312500 MB [3m(tensor_memory_allocator.py:300:lmcache.v1.memory_management)[0m
[32;20m[2026-09-22 09:02:41,501] LMCache INFO:[0m  - Total free size: 503.687500 MB [3m(tensor_memory_allocator.py:307:lmcache.v1.memory_management)[0m
INFO:     127.0.0.1:35656 - "GET /status HTTP/1.1" 200 OK
[32;20m[2026-09-22 09:02:41,703] LMCache INFO:[0m Checking memory allocator consistency [3m(tensor_memory_allocator.py:298:lmcache.v1.memory_management)[0m
[32;20m[2026-09-22 09:02:41,703] LMCache INFO:[0m  - Total active allocations: 19 [3m(tensor_memory_allocator.py:299:lmcache.v1.memory_management)[0m
[32;20m[2026-09-22 09:02:41,703] LMCache INFO:[0m  - Total allocated size: 8.312500 MB [3m(tensor_memory_allocator.py:300:lmcache.v1.memory_management)[0m
[32;20m[2026-09-22 09:02:41,703] LMCache INFO:[0m  - Total free size: 503.687500 MB [3m(tensor_memory_allocator.py:307:lmcache.v1.memory_management)[0m
INFO:     127.0.0.1:35656 - "GET /status HTTP/1.1" 200 OK
[32;20m[2026-09-22 09:02:41,906] LMCache INFO:[0m Checking memory allocator consistency [3m(tensor_memory_allocator.py:298:lmcache.v1.memory_management)[0m
[32;20m[2026-09-22 09:02:41,906] LMCache INFO:[0m  - Total active allocations: 19 [3m(tensor_memory_allocator.py:299:lmcache.v1.memory_management)[0m
[32;20m[2026-09-22 09:02:41,906] LMCache INFO:[0m  - Total allocated size: 8.312500 MB [3m(tensor_memory_allocator.py:300:lmcache.v1.memory_management)[0m
[32;20m[2026-09-22 09:02:41,906] LMCache INFO:[0m  - Total free size: 503.687500 MB [3m(tensor_memory_allocator.py:307:lmcache.v1.memory_management)[0m
INFO:     127.0.0.1:35656 - "GET /status HTTP/1.1" 200 OK
[32;20m[2026-09-22 09:02:41,914] LMCache INFO:[0m Prefetch request completed (L1+L2): 19/19 retained keys (19 L1, 0 L2) in 1.2 ms (external_request_id=cmpl-b18f65889d9d76fd-0-9a7d6da7, prefetch_request_id=-1) [3m(storage_manager.py:716:lmcache.v1.distributed.storage_manager)[0m
[32;20m[2026-09-22 09:02:41,919] LMCache INFO:[0m Retrieved 304 tokens in 0.002 seconds [3m(lmcache_driven_transfer.py:1427:lmcache.v1.multiprocess.modules.lmcache_driven_transfer)[0m
[32;20m[2026-09-22 09:02:42,105] LMCache INFO:[0m Stored 16 tokens in 0.002 seconds [3m(lmcache_driven_transfer.py:1218:lmcache.v1.multiprocess.modules.lmcache_driven_transfer)[0m
[32;20m[2026-09-22 09:02:42,258] LMCache INFO:[0m Checking memory allocator consistency [3m(tensor_memory_allocator.py:298:lmcache.v1.memory_management)[0m
[32;20m[2026-09-22 09:02:42,259] LMCache INFO:[0m  - Total active allocations: 20 [3m(tensor_memory_allocator.py:299:lmcache.v1.memory_management)[0m
[32;20m[2026-09-22 09:02:42,259] LMCache INFO:[0m  - Total allocated size: 8.750000 MB [3m(tensor_memory_allocator.py:300:lmcache.v1.memory_management)[0m
[32;20m[2026-09-22 09:02:42,259] LMCache INFO:[0m  - Total free size: 503.250000 MB [3m(tensor_memory_allocator.py:307:lmcache.v1.memory_management)[0m
INFO:     127.0.0.1:35656 - "GET /status HTTP/1.1" 200 OK
[32;20m[2026-09-22 09:02:42,462] LMCache INFO:[0m Checking memory allocator consistency [3m(tensor_memory_allocator.py:298:lmcache.v1.memory_management)[0m
[32;20m[2026-09-22 09:02:42,462] LMCache INFO:[0m  - Total active allocations: 20 [3m(tensor_memory_allocator.py:299:lmcache.v1.memory_management)[0m
[32;20m[2026-09-22 09:02:42,462] LMCache INFO:[0m  - Total allocated size: 8.750000 MB [3m(tensor_memory_allocator.py:300:lmcache.v1.memory_management)[0m
[32;20m[2026-09-22 09:02:42,462] LMCache INFO:[0m  - Total free size: 503.250000 MB [3m(tensor_memory_allocator.py:307:lmcache.v1.memory_management)[0m
INFO:     127.0.0.1:35656 - "GET /status HTTP/1.1" 200 OK
[32;20m[2026-09-22 09:02:42,664] LMCache INFO:[0m Checking memory allocator consistency [3m(tensor_memory_allocator.py:298:lmcache.v1.memory_management)[0m
[32;20m[2026-09-22 09:02:42,665] LMCache INFO:[0m  - Total active allocations: 20 [3m(tensor_memory_allocator.py:299:lmcache.v1.memory_management)[0m
[32;20m[2026-09-22 09:02:42,665] LMCache INFO:[0m  - Total allocated size: 8.750000 MB [3m(tensor_memory_allocator.py:300:lmcache.v1.memory_management)[0m
[32;20m[2026-09-22 09:02:42,665] LMCache INFO:[0m  - Total free size: 503.250000 MB [3m(tensor_memory_allocator.py:307:lmcache.v1.memory_management)[0m
INFO:     127.0.0.1:35656 - "GET /status HTTP/1.1" 200 OK
[32;20m[2026-09-22 09:02:42,710] LMCache INFO:[0m Stored 336 tokens in 0.002 seconds [3m(lmcache_driven_transfer.py:1218:lmcache.v1.multiprocess.modules.lmcache_driven_transfer)[0m
[32;20m[2026-09-22 09:02:42,823] LMCache INFO:[0m Stored 16 tokens in 0.002 seconds [3m(lmcache_driven_transfer.py:1218:lmcache.v1.multiprocess.modules.lmcache_driven_transfer)[0m
[32;20m[2026-09-22 09:02:43,042] LMCache INFO:[0m Checking memory allocator consistency [3m(tensor_memory_allocator.py:298:lmcache.v1.memory_management)[0m
[32;20m[2026-09-22 09:02:43,042] LMCache INFO:[0m  - Total active allocations: 42 [3m(tensor_memory_allocator.py:299:lmcache.v1.memory_management)[0m
[32;20m[2026-09-22 09:02:43,042] LMCache INFO:[0m  - Total allocated size: 18.375000 MB [3m(tensor_memory_allocator.py:300:lmcache.v1.memory_management)[0m
[32;20m[2026-09-22 09:02:43,042] LMCache INFO:[0m  - Total free size: 493.625000 MB [3m(tensor_memory_allocator.py:307:lmcache.v1.memory_management)[0m
INFO:     127.0.0.1:35656 - "GET /status HTTP/1.1" 200 OK
[32;20m[2026-09-22 09:02:43,245] LMCache INFO:[0m Checking memory allocator consistency [3m(tensor_memory_allocator.py:298:lmcache.v1.memory_management)[0m
[32;20m[2026-09-22 09:02:43,245] LMCache INFO:[0m  - Total active allocations: 42 [3m(tensor_memory_allocator.py:299:lmcache.v1.memory_management)[0m
[32;20m[2026-09-22 09:02:43,245] LMCache INFO:[0m  - Total allocated size: 18.375000 MB [3m(tensor_memory_allocator.py:300:lmcache.v1.memory_management)[0m
[32;20m[2026-09-22 09:02:43,245] LMCache INFO:[0m  - Total free size: 493.625000 MB [3m(tensor_memory_allocator.py:307:lmcache.v1.memory_management)[0m
INFO:     127.0.0.1:35656 - "GET /status HTTP/1.1" 200 OK
[32;20m[2026-09-22 09:02:43,448] LMCache INFO:[0m Checking memory allocator consistency [3m(tensor_memory_allocator.py:298:lmcache.v1.memory_management)[0m
[32;20m[2026-09-22 09:02:43,448] LMCache INFO:[0m  - Total active allocations: 42 [3m(tensor_memory_allocator.py:299:lmcache.v1.memory_management)[0m
[32;20m[2026-09-22 09:02:43,448] LMCache INFO:[0m  - Total allocated size: 18.375000 MB [3m(tensor_memory_allocator.py:300:lmcache.v1.memory_management)[0m
[32;20m[2026-09-22 09:02:43,448] LMCache INFO:[0m  - Total free size: 493.625000 MB [3m(tensor_memory_allocator.py:307:lmcache.v1.memory_management)[0m
INFO:     127.0.0.1:35656 - "GET /status HTTP/1.1" 200 OK
[32;20m[2026-09-22 09:02:43,487] LMCache INFO:[0m Unregistered KV cache for GPU ID 1420378738443299982 [3m(lmcache_driven_transfer.py:991:lmcache.v1.multiprocess.modules.lmcache_driven_transfer)[0m
INFO:     Shutting down
INFO:     Waiting for application shutdown.
[32;20m[2026-09-22 09:02:43,619] LMCache INFO:[0m Shutting down LMCache HTTP server... [3m(http_server.py:168:lmcache.v1.multiprocess.http_server)[0m
[32;20m[2026-09-22 09:02:44,489] LMCache INFO:[0m Stopping PeriodicThread: lmcache-mp-worker-reaper [3m(periodic_thread.py:267:lmcache.v1.periodic_thread)[0m
[32;20m[2026-09-22 09:02:44,489] LMCache INFO:[0m PeriodicThread lmcache-mp-worker-reaper loop stopped [3m(periodic_thread.py:371:lmcache.v1.periodic_thread)[0m
[32;20m[2026-09-22 09:02:44,489] LMCache INFO:[0m Stopping PeriodicThread: DeviceHostFuncDispatcher [3m(periodic_thread.py:267:lmcache.v1.periodic_thread)[0m
[32;20m[2026-09-22 09:02:44,489] LMCache INFO:[0m PeriodicThread DeviceHostFuncDispatcher loop stopped [3m(periodic_thread.py:371:lmcache.v1.periodic_thread)[0m
[32;20m[2026-09-22 09:02:44,490] LMCache INFO:[0m Stopping PeriodicThread: SessionManager-cleanup-thread-7da698a5b230 [3m(periodic_thread.py:267:lmcache.v1.periodic_thread)[0m
[32;20m[2026-09-22 09:02:44,490] LMCache INFO:[0m PeriodicThread SessionManager-cleanup-thread-7da698a5b230 loop stopped [3m(periodic_thread.py:371:lmcache.v1.periodic_thread)[0m
[32;20m[2026-09-22 09:02:45,335] LMCache INFO:[0m L1 memory usage: 0.02/0.50 GiB (3.6%) [3m(eviction_controller.py:153:lmcache.v1.distributed.storage_controllers.eviction_controller)[0m
[32;20m[2026-09-22 09:02:46,341] LMCache INFO:[0m MPCacheServer closed [3m(server.py:126:lmcache.v1.multiprocess.server)[0m
[32;20m[2026-09-22 09:02:46,341] LMCache INFO:[0m LMCache HTTP server stopped [3m(http_server.py:186:lmcache.v1.multiprocess.http_server)[0m
INFO:     Application shutdown complete.
INFO:     Finished server process [1584]
